
Allocating common symbols
Common symbol       size              file

inputValue          0x6               ..\obj\thrusterSimple.o
thruster            0x180             ..\obj\thrusterSimple.o
inputVector         0xc               ..\obj\thrusterSimple.o

Discarded input sections

 .text          0x00000000        0x0 ..\obj\stm32f10x_tim.o
 .data          0x00000000        0x0 ..\obj\stm32f10x_tim.o
 .bss           0x00000000        0x0 ..\obj\stm32f10x_tim.o
 .text.TIM_DeInit
                0x00000000      0x22c ..\obj\stm32f10x_tim.o
 .text.TIM_ICInit
                0x00000000       0xa8 ..\obj\stm32f10x_tim.o
 .text.TIM_PWMIConfig
                0x00000000       0xb8 ..\obj\stm32f10x_tim.o
 .text.TIM_BDTRConfig
                0x00000000       0x50 ..\obj\stm32f10x_tim.o
 .text.TIM_TimeBaseStructInit
                0x00000000       0x34 ..\obj\stm32f10x_tim.o
 .text.TIM_OCStructInit
                0x00000000       0x44 ..\obj\stm32f10x_tim.o
 .text.TIM_ICStructInit
                0x00000000       0x30 ..\obj\stm32f10x_tim.o
 .text.TIM_BDTRStructInit
                0x00000000       0x3c ..\obj\stm32f10x_tim.o
 .text.TIM_CtrlPWMOutputs
                0x00000000       0x4c ..\obj\stm32f10x_tim.o
 .text.TIM_ITConfig
                0x00000000       0x48 ..\obj\stm32f10x_tim.o
 .text.TIM_GenerateEvent
                0x00000000       0x1c ..\obj\stm32f10x_tim.o
 .text.TIM_DMAConfig
                0x00000000       0x28 ..\obj\stm32f10x_tim.o
 .text.TIM_DMACmd
                0x00000000       0x48 ..\obj\stm32f10x_tim.o
 .text.TIM_InternalClockConfig
                0x00000000       0x24 ..\obj\stm32f10x_tim.o
 .text.TIM_ITRxExternalClockConfig
                0x00000000       0x2c ..\obj\stm32f10x_tim.o
 .text.TIM_TIxExternalClockConfig
                0x00000000       0x60 ..\obj\stm32f10x_tim.o
 .text.TIM_ETRClockMode1Config
                0x00000000       0x5c ..\obj\stm32f10x_tim.o
 .text.TIM_ETRClockMode2Config
                0x00000000       0x3c ..\obj\stm32f10x_tim.o
 .text.TIM_ETRConfig
                0x00000000       0x54 ..\obj\stm32f10x_tim.o
 .text.TIM_PrescalerConfig
                0x00000000       0x28 ..\obj\stm32f10x_tim.o
 .text.TIM_CounterModeConfig
                0x00000000       0x38 ..\obj\stm32f10x_tim.o
 .text.TIM_SelectInputTrigger
                0x00000000       0x38 ..\obj\stm32f10x_tim.o
 .text.TIM_EncoderInterfaceConfig
                0x00000000       0x98 ..\obj\stm32f10x_tim.o
 .text.TIM_ForcedOC1Config
                0x00000000       0x38 ..\obj\stm32f10x_tim.o
 .text.TIM_ForcedOC2Config
                0x00000000       0x3c ..\obj\stm32f10x_tim.o
 .text.TIM_ForcedOC3Config
                0x00000000       0x38 ..\obj\stm32f10x_tim.o
 .text.TIM_ForcedOC4Config
                0x00000000       0x3c ..\obj\stm32f10x_tim.o
 .text.TIM_SelectCOM
                0x00000000       0x40 ..\obj\stm32f10x_tim.o
 .text.TIM_SelectCCDMA
                0x00000000       0x40 ..\obj\stm32f10x_tim.o
 .text.TIM_CCPreloadControl
                0x00000000       0x40 ..\obj\stm32f10x_tim.o
 .text.TIM_OC1FastConfig
                0x00000000       0x38 ..\obj\stm32f10x_tim.o
 .text.TIM_OC2FastConfig
                0x00000000       0x3c ..\obj\stm32f10x_tim.o
 .text.TIM_OC3FastConfig
                0x00000000       0x38 ..\obj\stm32f10x_tim.o
 .text.TIM_OC4FastConfig
                0x00000000       0x3c ..\obj\stm32f10x_tim.o
 .text.TIM_ClearOC1Ref
                0x00000000       0x38 ..\obj\stm32f10x_tim.o
 .text.TIM_ClearOC2Ref
                0x00000000       0x3c ..\obj\stm32f10x_tim.o
 .text.TIM_ClearOC3Ref
                0x00000000       0x38 ..\obj\stm32f10x_tim.o
 .text.TIM_ClearOC4Ref
                0x00000000       0x3c ..\obj\stm32f10x_tim.o
 .text.TIM_OC1PolarityConfig
                0x00000000       0x38 ..\obj\stm32f10x_tim.o
 .text.TIM_OC1NPolarityConfig
                0x00000000       0x38 ..\obj\stm32f10x_tim.o
 .text.TIM_OC2PolarityConfig
                0x00000000       0x3c ..\obj\stm32f10x_tim.o
 .text.TIM_OC2NPolarityConfig
                0x00000000       0x3c ..\obj\stm32f10x_tim.o
 .text.TIM_OC3PolarityConfig
                0x00000000       0x3c ..\obj\stm32f10x_tim.o
 .text.TIM_OC3NPolarityConfig
                0x00000000       0x3c ..\obj\stm32f10x_tim.o
 .text.TIM_OC4PolarityConfig
                0x00000000       0x3c ..\obj\stm32f10x_tim.o
 .text.TIM_CCxCmd
                0x00000000       0x54 ..\obj\stm32f10x_tim.o
 .text.TIM_CCxNCmd
                0x00000000       0x54 ..\obj\stm32f10x_tim.o
 .text.TIM_SelectOCxM
                0x00000000       0xac ..\obj\stm32f10x_tim.o
 .text.TIM_UpdateDisableConfig
                0x00000000       0x40 ..\obj\stm32f10x_tim.o
 .text.TIM_UpdateRequestConfig
                0x00000000       0x40 ..\obj\stm32f10x_tim.o
 .text.TIM_SelectHallSensor
                0x00000000       0x40 ..\obj\stm32f10x_tim.o
 .text.TIM_SelectOnePulseMode
                0x00000000       0x38 ..\obj\stm32f10x_tim.o
 .text.TIM_SelectOutputTrigger
                0x00000000       0x38 ..\obj\stm32f10x_tim.o
 .text.TIM_SelectSlaveMode
                0x00000000       0x38 ..\obj\stm32f10x_tim.o
 .text.TIM_SelectMasterSlaveMode
                0x00000000       0x38 ..\obj\stm32f10x_tim.o
 .text.TIM_SetCounter
                0x00000000       0x1c ..\obj\stm32f10x_tim.o
 .text.TIM_SetAutoreload
                0x00000000       0x1c ..\obj\stm32f10x_tim.o
 .text.TIM_SetCompare1
                0x00000000       0x1c ..\obj\stm32f10x_tim.o
 .text.TIM_SetCompare2
                0x00000000       0x1c ..\obj\stm32f10x_tim.o
 .text.TIM_SetCompare3
                0x00000000       0x1c ..\obj\stm32f10x_tim.o
 .text.TIM_SetCompare4
                0x00000000       0x20 ..\obj\stm32f10x_tim.o
 .text.TIM_SetIC1Prescaler
                0x00000000       0x38 ..\obj\stm32f10x_tim.o
 .text.TIM_SetIC2Prescaler
                0x00000000       0x3c ..\obj\stm32f10x_tim.o
 .text.TIM_SetIC3Prescaler
                0x00000000       0x38 ..\obj\stm32f10x_tim.o
 .text.TIM_SetIC4Prescaler
                0x00000000       0x3c ..\obj\stm32f10x_tim.o
 .text.TIM_SetClockDivision
                0x00000000       0x38 ..\obj\stm32f10x_tim.o
 .text.TIM_GetCapture1
                0x00000000       0x1c ..\obj\stm32f10x_tim.o
 .text.TIM_GetCapture2
                0x00000000       0x1c ..\obj\stm32f10x_tim.o
 .text.TIM_GetCapture3
                0x00000000       0x1c ..\obj\stm32f10x_tim.o
 .text.TIM_GetCapture4
                0x00000000       0x1c ..\obj\stm32f10x_tim.o
 .text.TIM_GetCounter
                0x00000000       0x1c ..\obj\stm32f10x_tim.o
 .text.TIM_GetPrescaler
                0x00000000       0x1c ..\obj\stm32f10x_tim.o
 .text.TIM_GetFlagStatus
                0x00000000       0x38 ..\obj\stm32f10x_tim.o
 .text.TIM_ClearFlag
                0x00000000       0x20 ..\obj\stm32f10x_tim.o
 .text.TIM_GetITStatus
                0x00000000       0x54 ..\obj\stm32f10x_tim.o
 .text.TI1_Config
                0x00000000       0xe0 ..\obj\stm32f10x_tim.o
 .text.TI2_Config
                0x00000000       0xf4 ..\obj\stm32f10x_tim.o
 .text.TI3_Config
                0x00000000       0xec ..\obj\stm32f10x_tim.o
 .text.TI4_Config
                0x00000000       0xf8 ..\obj\stm32f10x_tim.o
 .text          0x00000000        0x0 ..\obj\core_cm3.o
 .data          0x00000000        0x0 ..\obj\core_cm3.o
 .bss           0x00000000        0x0 ..\obj\core_cm3.o
 .text.__get_PSP
                0x00000000       0x10 ..\obj\core_cm3.o
 .text.__set_PSP
                0x00000000        0x8 ..\obj\core_cm3.o
 .text.__get_MSP
                0x00000000       0x10 ..\obj\core_cm3.o
 .text.__set_MSP
                0x00000000        0x8 ..\obj\core_cm3.o
 .text.__get_BASEPRI
                0x00000000       0x20 ..\obj\core_cm3.o
 .text.__set_BASEPRI
                0x00000000       0x18 ..\obj\core_cm3.o
 .text.__get_PRIMASK
                0x00000000       0x20 ..\obj\core_cm3.o
 .text.__set_PRIMASK
                0x00000000       0x18 ..\obj\core_cm3.o
 .text.__get_FAULTMASK
                0x00000000       0x20 ..\obj\core_cm3.o
 .text.__set_FAULTMASK
                0x00000000       0x18 ..\obj\core_cm3.o
 .text.__get_CONTROL
                0x00000000       0x20 ..\obj\core_cm3.o
 .text.__set_CONTROL
                0x00000000       0x18 ..\obj\core_cm3.o
 .text.__REV    0x00000000       0x20 ..\obj\core_cm3.o
 .text.__REV16  0x00000000       0x24 ..\obj\core_cm3.o
 .text.__REVSH  0x00000000       0x24 ..\obj\core_cm3.o
 .text.__RBIT   0x00000000       0x24 ..\obj\core_cm3.o
 .text.__LDREXB
                0x00000000       0x24 ..\obj\core_cm3.o
 .text.__LDREXH
                0x00000000       0x24 ..\obj\core_cm3.o
 .text.__LDREXW
                0x00000000       0x24 ..\obj\core_cm3.o
 .text.__STREXB
                0x00000000       0x28 ..\obj\core_cm3.o
 .text.__STREXH
                0x00000000       0x28 ..\obj\core_cm3.o
 .text.__STREXW
                0x00000000       0x28 ..\obj\core_cm3.o
 .debug_info    0x00000000      0x527 ..\obj\core_cm3.o
 .debug_abbrev  0x00000000       0xac ..\obj\core_cm3.o
 .debug_aranges
                0x00000000       0xc8 ..\obj\core_cm3.o
 .debug_ranges  0x00000000       0xb8 ..\obj\core_cm3.o
 .debug_line    0x00000000      0x2a0 ..\obj\core_cm3.o
 .debug_str     0x00000000      0x2c9 ..\obj\core_cm3.o
 .comment       0x00000000       0x71 ..\obj\core_cm3.o
 .debug_frame   0x00000000      0x320 ..\obj\core_cm3.o
 .ARM.attributes
                0x00000000       0x33 ..\obj\core_cm3.o
 .text          0x00000000        0x0 ..\obj\system_stm32f10x.o
 .bss           0x00000000        0x0 ..\obj\system_stm32f10x.o
 .text.SystemCoreClockUpdate
                0x00000000       0xd8 ..\obj\system_stm32f10x.o
 .text          0x00000000        0x0 ..\obj\stm32f10x_gpio.o
 .data          0x00000000        0x0 ..\obj\stm32f10x_gpio.o
 .bss           0x00000000        0x0 ..\obj\stm32f10x_gpio.o
 .text.GPIO_DeInit
                0x00000000       0xe4 ..\obj\stm32f10x_gpio.o
 .text.GPIO_AFIODeInit
                0x00000000       0x18 ..\obj\stm32f10x_gpio.o
 .text.GPIO_StructInit
                0x00000000       0x28 ..\obj\stm32f10x_gpio.o
 .text.GPIO_ReadInputDataBit
                0x00000000       0x34 ..\obj\stm32f10x_gpio.o
 .text.GPIO_ReadInputData
                0x00000000       0x1c ..\obj\stm32f10x_gpio.o
 .text.GPIO_ReadOutputDataBit
                0x00000000       0x34 ..\obj\stm32f10x_gpio.o
 .text.GPIO_ReadOutputData
                0x00000000       0x1c ..\obj\stm32f10x_gpio.o
 .text.GPIO_SetBits
                0x00000000       0x1c ..\obj\stm32f10x_gpio.o
 .text.GPIO_ResetBits
                0x00000000       0x1c ..\obj\stm32f10x_gpio.o
 .text.GPIO_WriteBit
                0x00000000       0x30 ..\obj\stm32f10x_gpio.o
 .text.GPIO_Write
                0x00000000       0x1c ..\obj\stm32f10x_gpio.o
 .text.GPIO_PinLockConfig
                0x00000000       0x44 ..\obj\stm32f10x_gpio.o
 .text.GPIO_EventOutputConfig
                0x00000000       0x4c ..\obj\stm32f10x_gpio.o
 .text.GPIO_EventOutputCmd
                0x00000000       0x20 ..\obj\stm32f10x_gpio.o
 .text.GPIO_EXTILineConfig
                0x00000000       0x84 ..\obj\stm32f10x_gpio.o
 .text.GPIO_ETH_MediaInterfaceConfig
                0x00000000       0x1c ..\obj\stm32f10x_gpio.o
 .text          0x00000000        0x0 ..\obj\com.o
 .data          0x00000000        0x0 ..\obj\com.o
 .text.getData  0x00000000       0x20 ..\obj\com.o
 .text          0x00000000        0x0 ..\obj\system_init.o
 .data          0x00000000        0x0 ..\obj\system_init.o
 .bss           0x00000000        0x0 ..\obj\system_init.o
 .text          0x00000000        0x0 ..\obj\main.o
 .data          0x00000000        0x0 ..\obj\main.o
 .bss           0x00000000        0x0 ..\obj\main.o
 .text          0x00000000        0x0 ..\obj\system_gpio.o
 .data          0x00000000        0x0 ..\obj\system_gpio.o
 .bss           0x00000000        0x0 ..\obj\system_gpio.o
 .text          0x00000000        0x0 ..\obj\system.o
 .data          0x00000000        0x0 ..\obj\system.o
 .bss           0x00000000        0x0 ..\obj\system.o
 .text          0x00000000        0x0 ..\obj\fixpointLib.o
 .data          0x00000000        0x0 ..\obj\fixpointLib.o
 .bss           0x00000000        0x0 ..\obj\fixpointLib.o
 .text.qAdd     0x00000000       0x1c ..\obj\fixpointLib.o
 .text.qSub     0x00000000       0x1c ..\obj\fixpointLib.o
 .text          0x00000000        0x0 ..\obj\system_interrupt.o
 .data          0x00000000        0x0 ..\obj\system_interrupt.o
 .bss           0x00000000        0x0 ..\obj\system_interrupt.o
 .text.comTim7IrqInit
                0x00000000       0x34 ..\obj\system_interrupt.o
 .text          0x00000000        0x0 ..\obj\stm32f10x_rcc.o
 .bss           0x00000000        0x0 ..\obj\stm32f10x_rcc.o
 .text.RCC_DeInit
                0x00000000       0x64 ..\obj\stm32f10x_rcc.o
 .text.RCC_HSEConfig
                0x00000000       0x5c ..\obj\stm32f10x_rcc.o
 .text.RCC_WaitForHSEStartUp
                0x00000000       0x50 ..\obj\stm32f10x_rcc.o
 .text.RCC_AdjustHSICalibrationValue
                0x00000000       0x3c ..\obj\stm32f10x_rcc.o
 .text.RCC_HSICmd
                0x00000000       0x20 ..\obj\stm32f10x_rcc.o
 .text.RCC_PLLConfig
                0x00000000       0x3c ..\obj\stm32f10x_rcc.o
 .text.RCC_PLLCmd
                0x00000000       0x20 ..\obj\stm32f10x_rcc.o
 .text.RCC_PREDIV1Config
                0x00000000       0x40 ..\obj\stm32f10x_rcc.o
 .text.RCC_SYSCLKConfig
                0x00000000       0x38 ..\obj\stm32f10x_rcc.o
 .text.RCC_GetSYSCLKSource
                0x00000000       0x20 ..\obj\stm32f10x_rcc.o
 .text.RCC_HCLKConfig
                0x00000000       0x38 ..\obj\stm32f10x_rcc.o
 .text.RCC_PCLK1Config
                0x00000000       0x38 ..\obj\stm32f10x_rcc.o
 .text.RCC_PCLK2Config
                0x00000000       0x38 ..\obj\stm32f10x_rcc.o
 .text.RCC_ITConfig
                0x00000000       0x4c ..\obj\stm32f10x_rcc.o
 .text.RCC_USBCLKConfig
                0x00000000       0x1c ..\obj\stm32f10x_rcc.o
 .text.RCC_ADCCLKConfig
                0x00000000       0x38 ..\obj\stm32f10x_rcc.o
 .text.RCC_LSEConfig
                0x00000000       0x40 ..\obj\stm32f10x_rcc.o
 .text.RCC_LSICmd
                0x00000000       0x20 ..\obj\stm32f10x_rcc.o
 .text.RCC_RTCCLKConfig
                0x00000000       0x24 ..\obj\stm32f10x_rcc.o
 .text.RCC_RTCCLKCmd
                0x00000000       0x20 ..\obj\stm32f10x_rcc.o
 .text.RCC_AHBPeriphClockCmd
                0x00000000       0x3c ..\obj\stm32f10x_rcc.o
 .text.RCC_APB2PeriphResetCmd
                0x00000000       0x3c ..\obj\stm32f10x_rcc.o
 .text.RCC_APB1PeriphResetCmd
                0x00000000       0x3c ..\obj\stm32f10x_rcc.o
 .text.RCC_BackupResetCmd
                0x00000000       0x20 ..\obj\stm32f10x_rcc.o
 .text.RCC_ClockSecuritySystemCmd
                0x00000000       0x20 ..\obj\stm32f10x_rcc.o
 .text.RCC_MCOConfig
                0x00000000       0x20 ..\obj\stm32f10x_rcc.o
 .text.RCC_GetFlagStatus
                0x00000000       0x74 ..\obj\stm32f10x_rcc.o
 .text.RCC_ClearFlag
                0x00000000       0x1c ..\obj\stm32f10x_rcc.o
 .text.RCC_GetITStatus
                0x00000000       0x38 ..\obj\stm32f10x_rcc.o
 .text.RCC_ClearITPendingBit
                0x00000000       0x20 ..\obj\stm32f10x_rcc.o
 .text          0x00000000        0x0 ..\obj\stm32f10x_adc.o
 .data          0x00000000        0x0 ..\obj\stm32f10x_adc.o
 .bss           0x00000000        0x0 ..\obj\stm32f10x_adc.o
 .text.ADC_DeInit
                0x00000000       0x74 ..\obj\stm32f10x_adc.o
 .text.ADC_Init
                0x00000000       0xa4 ..\obj\stm32f10x_adc.o
 .text.ADC_StructInit
                0x00000000       0x38 ..\obj\stm32f10x_adc.o
 .text.ADC_Cmd  0x00000000       0x38 ..\obj\stm32f10x_adc.o
 .text.ADC_DMACmd
                0x00000000       0x38 ..\obj\stm32f10x_adc.o
 .text.ADC_ITConfig
                0x00000000       0x44 ..\obj\stm32f10x_adc.o
 .text.ADC_ResetCalibration
                0x00000000       0x20 ..\obj\stm32f10x_adc.o
 .text.ADC_GetResetCalibrationStatus
                0x00000000       0x30 ..\obj\stm32f10x_adc.o
 .text.ADC_StartCalibration
                0x00000000       0x20 ..\obj\stm32f10x_adc.o
 .text.ADC_GetCalibrationStatus
                0x00000000       0x30 ..\obj\stm32f10x_adc.o
 .text.ADC_SoftwareStartConvCmd
                0x00000000       0x38 ..\obj\stm32f10x_adc.o
 .text.ADC_GetSoftwareStartConvStatus
                0x00000000       0x30 ..\obj\stm32f10x_adc.o
 .text.ADC_DiscModeChannelCountConfig
                0x00000000       0x44 ..\obj\stm32f10x_adc.o
 .text.ADC_DiscModeCmd
                0x00000000       0x38 ..\obj\stm32f10x_adc.o
 .text.ADC_RegularChannelConfig
                0x00000000      0x194 ..\obj\stm32f10x_adc.o
 .text.ADC_ExternalTrigConvCmd
                0x00000000       0x38 ..\obj\stm32f10x_adc.o
 .text.ADC_GetConversionValue
                0x00000000       0x1c ..\obj\stm32f10x_adc.o
 .text.ADC_GetDualModeConversionValue
                0x00000000       0x18 ..\obj\stm32f10x_adc.o
 .text.ADC_AutoInjectedConvCmd
                0x00000000       0x38 ..\obj\stm32f10x_adc.o
 .text.ADC_InjectedDiscModeCmd
                0x00000000       0x38 ..\obj\stm32f10x_adc.o
 .text.ADC_ExternalTrigInjectedConvConfig
                0x00000000       0x34 ..\obj\stm32f10x_adc.o
 .text.ADC_ExternalTrigInjectedConvCmd
                0x00000000       0x38 ..\obj\stm32f10x_adc.o
 .text.ADC_SoftwareStartInjectedConvCmd
                0x00000000       0x38 ..\obj\stm32f10x_adc.o
 .text.ADC_GetSoftwareStartInjectedConvCmdStatus
                0x00000000       0x30 ..\obj\stm32f10x_adc.o
 .text.ADC_InjectedChannelConfig
                0x00000000      0x120 ..\obj\stm32f10x_adc.o
 .text.ADC_InjectedSequencerLengthConfig
                0x00000000       0x44 ..\obj\stm32f10x_adc.o
 .text.ADC_SetInjectedOffset
                0x00000000       0x34 ..\obj\stm32f10x_adc.o
 .text.ADC_GetInjectedConversionValue
                0x00000000       0x30 ..\obj\stm32f10x_adc.o
 .text.ADC_AnalogWatchdogCmd
                0x00000000       0x38 ..\obj\stm32f10x_adc.o
 .text.ADC_AnalogWatchdogThresholdsConfig
                0x00000000       0x28 ..\obj\stm32f10x_adc.o
 .text.ADC_AnalogWatchdogSingleChannelConfig
                0x00000000       0x38 ..\obj\stm32f10x_adc.o
 .text.ADC_TempSensorVrefintCmd
                0x00000000       0x38 ..\obj\stm32f10x_adc.o
 .text.ADC_GetFlagStatus
                0x00000000       0x34 ..\obj\stm32f10x_adc.o
 .text.ADC_ClearFlag
                0x00000000       0x20 ..\obj\stm32f10x_adc.o
 .text.ADC_GetITStatus
                0x00000000       0x58 ..\obj\stm32f10x_adc.o
 .text.ADC_ClearITPendingBit
                0x00000000       0x2c ..\obj\stm32f10x_adc.o
 .debug_info    0x00000000      0xb5e ..\obj\stm32f10x_adc.o
 .debug_abbrev  0x00000000      0x198 ..\obj\stm32f10x_adc.o
 .debug_aranges
                0x00000000      0x138 ..\obj\stm32f10x_adc.o
 .debug_ranges  0x00000000      0x128 ..\obj\stm32f10x_adc.o
 .debug_line    0x00000000      0x4e2 ..\obj\stm32f10x_adc.o
 .debug_str     0x00000000      0x6ed ..\obj\stm32f10x_adc.o
 .comment       0x00000000       0x71 ..\obj\stm32f10x_adc.o
 .debug_frame   0x00000000      0x5a4 ..\obj\stm32f10x_adc.o
 .ARM.attributes
                0x00000000       0x33 ..\obj\stm32f10x_adc.o
 .text          0x00000000        0x0 ..\obj\stm32f10x_usart.o
 .data          0x00000000        0x0 ..\obj\stm32f10x_usart.o
 .bss           0x00000000        0x0 ..\obj\stm32f10x_usart.o
 .text.USART_DeInit
                0x00000000       0xb8 ..\obj\stm32f10x_usart.o
 .text.USART_StructInit
                0x00000000       0x38 ..\obj\stm32f10x_usart.o
 .text.USART_ClockInit
                0x00000000       0x58 ..\obj\stm32f10x_usart.o
 .text.USART_ClockStructInit
                0x00000000       0x2c ..\obj\stm32f10x_usart.o
 .text.USART_DMACmd
                0x00000000       0x48 ..\obj\stm32f10x_usart.o
 .text.USART_SetAddress
                0x00000000       0x38 ..\obj\stm32f10x_usart.o
 .text.USART_WakeUpConfig
                0x00000000       0x38 ..\obj\stm32f10x_usart.o
 .text.USART_ReceiverWakeUpCmd
                0x00000000       0x40 ..\obj\stm32f10x_usart.o
 .text.USART_LINBreakDetectLengthConfig
                0x00000000       0x38 ..\obj\stm32f10x_usart.o
 .text.USART_LINCmd
                0x00000000       0x40 ..\obj\stm32f10x_usart.o
 .text.USART_SendData
                0x00000000       0x24 ..\obj\stm32f10x_usart.o
 .text.USART_SendBreak
                0x00000000       0x24 ..\obj\stm32f10x_usart.o
 .text.USART_SetGuardTime
                0x00000000       0x3c ..\obj\stm32f10x_usart.o
 .text.USART_SetPrescaler
                0x00000000       0x38 ..\obj\stm32f10x_usart.o
 .text.USART_SmartCardCmd
                0x00000000       0x40 ..\obj\stm32f10x_usart.o
 .text.USART_SmartCardNACKCmd
                0x00000000       0x40 ..\obj\stm32f10x_usart.o
 .text.USART_HalfDuplexCmd
                0x00000000       0x40 ..\obj\stm32f10x_usart.o
 .text.USART_OverSampling8Cmd
                0x00000000       0x44 ..\obj\stm32f10x_usart.o
 .text.USART_OneBitMethodCmd
                0x00000000       0x40 ..\obj\stm32f10x_usart.o
 .text.USART_IrDAConfig
                0x00000000       0x38 ..\obj\stm32f10x_usart.o
 .text.USART_IrDACmd
                0x00000000       0x40 ..\obj\stm32f10x_usart.o
 .text.USART_ClearFlag
                0x00000000       0x20 ..\obj\stm32f10x_usart.o
 .text.USART_GetITStatus
                0x00000000       0xb8 ..\obj\stm32f10x_usart.o
 .text.USART_ClearITPendingBit
                0x00000000       0x38 ..\obj\stm32f10x_usart.o
 .text          0x00000000        0x0 ..\obj\startup_stm32f10x_hd_vl.o
 .data          0x00000000        0x0 ..\obj\startup_stm32f10x_hd_vl.o
 .bss           0x00000000        0x0 ..\obj\startup_stm32f10x_hd_vl.o
 .text          0x00000000        0x0 ..\obj\thrusterSimple.o
 .bss           0x00000000        0x0 ..\obj\thrusterSimple.o
 .text.abs      0x00000000       0x24 ..\obj\thrusterSimple.o
 .text.setInputDir
                0x00000000       0x34 ..\obj\thrusterSimple.o
 .text.setInputRot
                0x00000000       0x34 ..\obj\thrusterSimple.o
 .text          0x00000000        0x0 ..\obj\system_tim.o
 .data          0x00000000        0x0 ..\obj\system_tim.o
 .bss           0x00000000        0x0 ..\obj\system_tim.o
 .text          0x00000000        0x0 ..\obj\stm32f10x_dma.o
 .data          0x00000000        0x0 ..\obj\stm32f10x_dma.o
 .bss           0x00000000        0x0 ..\obj\stm32f10x_dma.o
 .text.DMA_DeInit
                0x00000000      0x178 ..\obj\stm32f10x_dma.o
 .text.DMA_Init
                0x00000000       0x7c ..\obj\stm32f10x_dma.o
 .text.DMA_StructInit
                0x00000000       0x54 ..\obj\stm32f10x_dma.o
 .text.DMA_Cmd  0x00000000       0x38 ..\obj\stm32f10x_dma.o
 .text.DMA_ITConfig
                0x00000000       0x3c ..\obj\stm32f10x_dma.o
 .text.DMA_SetCurrDataCounter
                0x00000000       0x1c ..\obj\stm32f10x_dma.o
 .text.DMA_GetCurrDataCounter
                0x00000000       0x1c ..\obj\stm32f10x_dma.o
 .text.DMA_GetFlagStatus
                0x00000000       0x54 ..\obj\stm32f10x_dma.o
 .text.DMA_ClearFlag
                0x00000000       0x34 ..\obj\stm32f10x_dma.o
 .text.DMA_GetITStatus
                0x00000000       0x54 ..\obj\stm32f10x_dma.o
 .text.DMA_ClearITPendingBit
                0x00000000       0x34 ..\obj\stm32f10x_dma.o
 .debug_info    0x00000000      0x45d ..\obj\stm32f10x_dma.o
 .debug_abbrev  0x00000000      0x155 ..\obj\stm32f10x_dma.o
 .debug_aranges
                0x00000000       0x70 ..\obj\stm32f10x_dma.o
 .debug_ranges  0x00000000       0x60 ..\obj\stm32f10x_dma.o
 .debug_line    0x00000000      0x2c4 ..\obj\stm32f10x_dma.o
 .debug_str     0x00000000      0x3a9 ..\obj\stm32f10x_dma.o
 .comment       0x00000000       0x71 ..\obj\stm32f10x_dma.o
 .debug_frame   0x00000000      0x1c8 ..\obj\stm32f10x_dma.o
 .ARM.attributes
                0x00000000       0x33 ..\obj\stm32f10x_dma.o
 .text          0x00000000        0x0 ..\obj\misc.o
 .data          0x00000000        0x0 ..\obj\misc.o
 .bss           0x00000000        0x0 ..\obj\misc.o
 .text.NVIC_PriorityGroupConfig
                0x00000000       0x24 ..\obj\misc.o
 .text.NVIC_SetVectorTable
                0x00000000       0x2c ..\obj\misc.o
 .text.NVIC_SystemLPConfig
                0x00000000       0x40 ..\obj\misc.o
 .text.SysTick_CLKSourceConfig
                0x00000000       0x38 ..\obj\misc.o
 .text          0x00000000        0x0 ..\obj\system_com.o
 .data          0x00000000        0x0 ..\obj\system_com.o
 .bss           0x00000000        0x0 ..\obj\system_com.o
 .text          0x00000000        0x0 ..\obj\stm32f10x_wwdg.o
 .data          0x00000000        0x0 ..\obj\stm32f10x_wwdg.o
 .bss           0x00000000        0x0 ..\obj\stm32f10x_wwdg.o
 .text.WWDG_DeInit
                0x00000000       0x1c ..\obj\stm32f10x_wwdg.o
 .text.WWDG_SetPrescaler
                0x00000000       0x34 ..\obj\stm32f10x_wwdg.o
 .text.WWDG_SetWindowValue
                0x00000000       0x38 ..\obj\stm32f10x_wwdg.o
 .text.WWDG_EnableIT
                0x00000000       0x18 ..\obj\stm32f10x_wwdg.o
 .text.WWDG_SetCounter
                0x00000000       0x24 ..\obj\stm32f10x_wwdg.o
 .text.WWDG_Enable
                0x00000000       0x24 ..\obj\stm32f10x_wwdg.o
 .text.WWDG_GetFlagStatus
                0x00000000       0x18 ..\obj\stm32f10x_wwdg.o
 .text.WWDG_ClearFlag
                0x00000000       0x18 ..\obj\stm32f10x_wwdg.o
 .debug_info    0x00000000      0x218 ..\obj\stm32f10x_wwdg.o
 .debug_abbrev  0x00000000      0x117 ..\obj\stm32f10x_wwdg.o
 .debug_aranges
                0x00000000       0x58 ..\obj\stm32f10x_wwdg.o
 .debug_ranges  0x00000000       0x48 ..\obj\stm32f10x_wwdg.o
 .debug_line    0x00000000      0x203 ..\obj\stm32f10x_wwdg.o
 .debug_str     0x00000000      0x24f ..\obj\stm32f10x_wwdg.o
 .comment       0x00000000       0x71 ..\obj\stm32f10x_wwdg.o
 .debug_frame   0x00000000      0x12c ..\obj\stm32f10x_wwdg.o
 .ARM.attributes
                0x00000000       0x33 ..\obj\stm32f10x_wwdg.o
 .text          0x00000000        0x0 ..\obj\stm32f10x_spi.o
 .data          0x00000000        0x0 ..\obj\stm32f10x_spi.o
 .bss           0x00000000        0x0 ..\obj\stm32f10x_spi.o
 .text.SPI_I2S_DeInit
                0x00000000       0x74 ..\obj\stm32f10x_spi.o
 .text.SPI_Init
                0x00000000       0x88 ..\obj\stm32f10x_spi.o
 .text.I2S_Init
                0x00000000      0x164 ..\obj\stm32f10x_spi.o
 .text.SPI_StructInit
                0x00000000       0x48 ..\obj\stm32f10x_spi.o
 .text.I2S_StructInit
                0x00000000       0x38 ..\obj\stm32f10x_spi.o
 .text.SPI_Cmd  0x00000000       0x40 ..\obj\stm32f10x_spi.o
 .text.I2S_Cmd  0x00000000       0x40 ..\obj\stm32f10x_spi.o
 .text.SPI_I2S_ITConfig
                0x00000000       0x60 ..\obj\stm32f10x_spi.o
 .text.SPI_I2S_DMACmd
                0x00000000       0x48 ..\obj\stm32f10x_spi.o
 .text.SPI_I2S_SendData
                0x00000000       0x1c ..\obj\stm32f10x_spi.o
 .text.SPI_I2S_ReceiveData
                0x00000000       0x1c ..\obj\stm32f10x_spi.o
 .text.SPI_NSSInternalSoftwareConfig
                0x00000000       0x44 ..\obj\stm32f10x_spi.o
 .text.SPI_SSOutputCmd
                0x00000000       0x40 ..\obj\stm32f10x_spi.o
 .text.SPI_DataSizeConfig
                0x00000000       0x38 ..\obj\stm32f10x_spi.o
 .text.SPI_TransmitCRC
                0x00000000       0x24 ..\obj\stm32f10x_spi.o
 .text.SPI_CalculateCRC
                0x00000000       0x40 ..\obj\stm32f10x_spi.o
 .text.SPI_GetCRC
                0x00000000       0x34 ..\obj\stm32f10x_spi.o
 .text.SPI_GetCRCPolynomial
                0x00000000       0x1c ..\obj\stm32f10x_spi.o
 .text.SPI_BiDirectionalLineConfig
                0x00000000       0x40 ..\obj\stm32f10x_spi.o
 .text.SPI_I2S_GetFlagStatus
                0x00000000       0x38 ..\obj\stm32f10x_spi.o
 .text.SPI_I2S_ClearFlag
                0x00000000       0x20 ..\obj\stm32f10x_spi.o
 .text.SPI_I2S_GetITStatus
                0x00000000       0x78 ..\obj\stm32f10x_spi.o
 .text.SPI_I2S_ClearITPendingBit
                0x00000000       0x34 ..\obj\stm32f10x_spi.o
 .debug_info    0x00000000      0x8dd ..\obj\stm32f10x_spi.o
 .debug_abbrev  0x00000000      0x17e ..\obj\stm32f10x_spi.o
 .debug_aranges
                0x00000000       0xd0 ..\obj\stm32f10x_spi.o
 .debug_ranges  0x00000000       0xc0 ..\obj\stm32f10x_spi.o
 .debug_line    0x00000000      0x3e2 ..\obj\stm32f10x_spi.o
 .debug_str     0x00000000      0x5ef ..\obj\stm32f10x_spi.o
 .comment       0x00000000       0x71 ..\obj\stm32f10x_spi.o
 .debug_frame   0x00000000      0x3a0 ..\obj\stm32f10x_spi.o
 .ARM.attributes
                0x00000000       0x33 ..\obj\stm32f10x_spi.o
 .text          0x00000000        0x0 ..\obj\stm32f10x_i2c.o
 .data          0x00000000        0x0 ..\obj\stm32f10x_i2c.o
 .bss           0x00000000        0x0 ..\obj\stm32f10x_i2c.o
 .text.I2C_DeInit
                0x00000000       0x44 ..\obj\stm32f10x_i2c.o
 .text.I2C_StructInit
                0x00000000       0x3c ..\obj\stm32f10x_i2c.o
 .text.I2C_DMACmd
                0x00000000       0x40 ..\obj\stm32f10x_i2c.o
 .text.I2C_DMALastTransferCmd
                0x00000000       0x40 ..\obj\stm32f10x_i2c.o
 .text.I2C_GenerateSTART
                0x00000000       0x40 ..\obj\stm32f10x_i2c.o
 .text.I2C_GenerateSTOP
                0x00000000       0x40 ..\obj\stm32f10x_i2c.o
 .text.I2C_AcknowledgeConfig
                0x00000000       0x40 ..\obj\stm32f10x_i2c.o
 .text.I2C_OwnAddress2Config
                0x00000000       0x40 ..\obj\stm32f10x_i2c.o
 .text.I2C_DualAddressCmd
                0x00000000       0x40 ..\obj\stm32f10x_i2c.o
 .text.I2C_GeneralCallCmd
                0x00000000       0x40 ..\obj\stm32f10x_i2c.o
 .text.I2C_ITConfig
                0x00000000       0x48 ..\obj\stm32f10x_i2c.o
 .text.I2C_SendData
                0x00000000       0x20 ..\obj\stm32f10x_i2c.o
 .text.I2C_ReceiveData
                0x00000000       0x1c ..\obj\stm32f10x_i2c.o
 .text.I2C_Send7bitAddress
                0x00000000       0x3c ..\obj\stm32f10x_i2c.o
 .text.I2C_ReadRegister
                0x00000000       0x30 ..\obj\stm32f10x_i2c.o
 .text.I2C_SoftwareResetCmd
                0x00000000       0x44 ..\obj\stm32f10x_i2c.o
 .text.I2C_NACKPositionConfig
                0x00000000       0x40 ..\obj\stm32f10x_i2c.o
 .text.I2C_SMBusAlertConfig
                0x00000000       0x40 ..\obj\stm32f10x_i2c.o
 .text.I2C_TransmitPEC
                0x00000000       0x40 ..\obj\stm32f10x_i2c.o
 .text.I2C_PECPositionConfig
                0x00000000       0x40 ..\obj\stm32f10x_i2c.o
 .text.I2C_CalculatePEC
                0x00000000       0x40 ..\obj\stm32f10x_i2c.o
 .text.I2C_GetPEC
                0x00000000       0x20 ..\obj\stm32f10x_i2c.o
 .text.I2C_ARPCmd
                0x00000000       0x40 ..\obj\stm32f10x_i2c.o
 .text.I2C_StretchClockCmd
                0x00000000       0x40 ..\obj\stm32f10x_i2c.o
 .text.I2C_FastModeDutyCycleConfig
                0x00000000       0x40 ..\obj\stm32f10x_i2c.o
 .text.I2C_CheckEvent
                0x00000000       0x60 ..\obj\stm32f10x_i2c.o
 .text.I2C_GetLastEvent
                0x00000000       0x44 ..\obj\stm32f10x_i2c.o
 .text.I2C_GetFlagStatus
                0x00000000       0x68 ..\obj\stm32f10x_i2c.o
 .text.I2C_ClearFlag
                0x00000000       0x2c ..\obj\stm32f10x_i2c.o
 .text.I2C_GetITStatus
                0x00000000       0x5c ..\obj\stm32f10x_i2c.o
 .text.I2C_ClearITPendingBit
                0x00000000       0x2c ..\obj\stm32f10x_i2c.o
 .text          0x00000000        0x0 ..\obj\eeprom.o
 .data          0x00000000        0x0 ..\obj\eeprom.o
 .bss           0x00000000        0x0 ..\obj\eeprom.o
 .text.writeByte
                0x00000000       0xbc ..\obj\eeprom.o
 .text.writePage
                0x00000000       0x1c ..\obj\eeprom.o
 .text.readByte
                0x00000000       0xf0 ..\obj\eeprom.o
 .debug_info    0x00000000      0x2c2 ..\obj\eeprom.o
 .debug_abbrev  0x00000000      0x112 ..\obj\eeprom.o
 .debug_aranges
                0x00000000       0x30 ..\obj\eeprom.o
 .debug_ranges  0x00000000       0x20 ..\obj\eeprom.o
 .debug_line    0x00000000      0x1f9 ..\obj\eeprom.o
 .debug_str     0x00000000      0x258 ..\obj\eeprom.o
 .comment       0x00000000       0x71 ..\obj\eeprom.o
 .debug_frame   0x00000000       0x80 ..\obj\eeprom.o
 .ARM.attributes
                0x00000000       0x33 ..\obj\eeprom.o
 .text          0x00000000        0x0 ..\obj\stm32f10x_iwdg.o
 .data          0x00000000        0x0 ..\obj\stm32f10x_iwdg.o
 .bss           0x00000000        0x0 ..\obj\stm32f10x_iwdg.o
 .text.IWDG_WriteAccessCmd
                0x00000000       0x20 ..\obj\stm32f10x_iwdg.o
 .text.IWDG_SetPrescaler
                0x00000000       0x20 ..\obj\stm32f10x_iwdg.o
 .text.IWDG_SetReload
                0x00000000       0x20 ..\obj\stm32f10x_iwdg.o
 .text.IWDG_ReloadCounter
                0x00000000       0x18 ..\obj\stm32f10x_iwdg.o
 .text.IWDG_Enable
                0x00000000       0x18 ..\obj\stm32f10x_iwdg.o
 .text.IWDG_GetFlagStatus
                0x00000000       0x38 ..\obj\stm32f10x_iwdg.o
 .debug_info    0x00000000      0x1f4 ..\obj\stm32f10x_iwdg.o
 .debug_abbrev  0x00000000      0x101 ..\obj\stm32f10x_iwdg.o
 .debug_aranges
                0x00000000       0x48 ..\obj\stm32f10x_iwdg.o
 .debug_ranges  0x00000000       0x38 ..\obj\stm32f10x_iwdg.o
 .debug_line    0x00000000      0x1dc ..\obj\stm32f10x_iwdg.o
 .debug_str     0x00000000      0x24e ..\obj\stm32f10x_iwdg.o
 .comment       0x00000000       0x71 ..\obj\stm32f10x_iwdg.o
 .debug_frame   0x00000000       0xf0 ..\obj\stm32f10x_iwdg.o
 .ARM.attributes
                0x00000000       0x33 ..\obj\stm32f10x_iwdg.o

Memory Configuration

Name             Origin             Length             Attributes
rom              0x08000000         0x00080000         xr
ram              0x20000000         0x00008000         xrw
*default*        0x00000000         0xffffffff

Linker script and memory map

                0x20008000                _eram = 0x20008000

.text           0x08000000     0x24d8
 *(.isr_vector .isr_vector.*)
 .isr_vector    0x08000000      0x138 ..\obj\startup_stm32f10x_hd_vl.o
                0x08000000                g_pfnVectors
 *(.text .text.* .gnu.linkonce.t.*)
 .text.TIM_TimeBaseInit
                0x08000138       0xf8 ..\obj\stm32f10x_tim.o
                0x08000138                TIM_TimeBaseInit
 .text.TIM_OC1Init
                0x08000230      0x118 ..\obj\stm32f10x_tim.o
                0x08000230                TIM_OC1Init
 .text.TIM_OC2Init
                0x08000348      0x110 ..\obj\stm32f10x_tim.o
                0x08000348                TIM_OC2Init
 .text.TIM_OC3Init
                0x08000458      0x10c ..\obj\stm32f10x_tim.o
                0x08000458                TIM_OC3Init
 .text.TIM_OC4Init
                0x08000564       0xd0 ..\obj\stm32f10x_tim.o
                0x08000564                TIM_OC4Init
 .text.TIM_Cmd  0x08000634       0x40 ..\obj\stm32f10x_tim.o
                0x08000634                TIM_Cmd
 .text.TIM_ARRPreloadConfig
                0x08000674       0x40 ..\obj\stm32f10x_tim.o
                0x08000674                TIM_ARRPreloadConfig
 .text.TIM_OC1PreloadConfig
                0x080006b4       0x38 ..\obj\stm32f10x_tim.o
                0x080006b4                TIM_OC1PreloadConfig
 .text.TIM_OC2PreloadConfig
                0x080006ec       0x3c ..\obj\stm32f10x_tim.o
                0x080006ec                TIM_OC2PreloadConfig
 .text.TIM_OC3PreloadConfig
                0x08000728       0x38 ..\obj\stm32f10x_tim.o
                0x08000728                TIM_OC3PreloadConfig
 .text.TIM_OC4PreloadConfig
                0x08000760       0x3c ..\obj\stm32f10x_tim.o
                0x08000760                TIM_OC4PreloadConfig
 .text.TIM_ClearITPendingBit
                0x0800079c       0x20 ..\obj\stm32f10x_tim.o
                0x0800079c                TIM_ClearITPendingBit
 .text.SystemInit
                0x080007bc       0x6c ..\obj\system_stm32f10x.o
                0x080007bc                SystemInit
 .text.SetSysClock
                0x08000828        0xc ..\obj\system_stm32f10x.o
 .text.SetSysClockToHSE
                0x08000834       0xa0 ..\obj\system_stm32f10x.o
 .text.GPIO_Init
                0x080008d4      0x180 ..\obj\stm32f10x_gpio.o
                0x080008d4                GPIO_Init
 .text.GPIO_PinRemapConfig
                0x08000a54       0xe0 ..\obj\stm32f10x_gpio.o
                0x08000a54                GPIO_PinRemapConfig
 .text.USART1_IRQHandler
                0x08000b34      0x188 ..\obj\com.o
                0x08000b34                USART1_IRQHandler
 .text.handleData
                0x08000cbc      0x108 ..\obj\com.o
                0x08000cbc                handleData
 .text.TIM7_IRQHandler
                0x08000dc4       0x14 ..\obj\com.o
                0x08000dc4                TIM7_IRQHandler
 .text.sysInit  0x08000dd8       0x1c ..\obj\system_init.o
                0x08000dd8                sysInit
 .text.main     0x08000df4        0xc ..\obj\main.o
                0x08000df4                main
 .text.sysGpioInit
                0x08000e00      0x234 ..\obj\system_gpio.o
                0x08000e00                sysGpioInit
 .text.sysStart
                0x08001034       0x10 ..\obj\system.o
                0x08001034                sysStart
 .text.SysTick_Handler
                0x08001044        0xc ..\obj\system.o
                0x08001044                SysTick_Handler
 .text.run      0x08001050       0x9c ..\obj\system.o
                0x08001050                run
 .text.intToQ   0x080010ec       0x18 ..\obj\fixpointLib.o
                0x080010ec                intToQ
 .text.qToInt   0x08001104       0x20 ..\obj\fixpointLib.o
                0x08001104                qToInt
 .text.qToIntNoRound
                0x08001124       0x18 ..\obj\fixpointLib.o
                0x08001124                qToIntNoRound
 .text.qMlt     0x0800113c       0x20 ..\obj\fixpointLib.o
                0x0800113c                qMlt
 .text.qDiv     0x0800115c       0x20 ..\obj\fixpointLib.o
                0x0800115c                qDiv
 .text.NVIC_SetPriority
                0x0800117c       0x54 ..\obj\system_interrupt.o
 .text.SysTick_Config
                0x080011d0       0x44 ..\obj\system_interrupt.o
 .text.sysIrqInit
                0x08001214       0x10 ..\obj\system_interrupt.o
                0x08001214                sysIrqInit
 .text.systickInit
                0x08001224       0x3c ..\obj\system_interrupt.o
                0x08001224                systickInit
 .text.usart1IrqInit
                0x08001260       0x34 ..\obj\system_interrupt.o
                0x08001260                usart1IrqInit
 .text.RCC_GetClocksFreq
                0x08001294      0x160 ..\obj\stm32f10x_rcc.o
                0x08001294                RCC_GetClocksFreq
 .text.RCC_APB2PeriphClockCmd
                0x080013f4       0x3c ..\obj\stm32f10x_rcc.o
                0x080013f4                RCC_APB2PeriphClockCmd
 .text.RCC_APB1PeriphClockCmd
                0x08001430       0x3c ..\obj\stm32f10x_rcc.o
                0x08001430                RCC_APB1PeriphClockCmd
 .text.USART_Init
                0x0800146c      0x174 ..\obj\stm32f10x_usart.o
                0x0800146c                USART_Init
 .text.USART_Cmd
                0x080015e0       0x40 ..\obj\stm32f10x_usart.o
                0x080015e0                USART_Cmd
 .text.USART_ITConfig
                0x08001620       0x90 ..\obj\stm32f10x_usart.o
                0x08001620                USART_ITConfig
 .text.USART_ReceiveData
                0x080016b0       0x20 ..\obj\stm32f10x_usart.o
                0x080016b0                USART_ReceiveData
 .text.USART_GetFlagStatus
                0x080016d0       0x38 ..\obj\stm32f10x_usart.o
                0x080016d0                USART_GetFlagStatus
 .text.Default_Reset_Handler
                0x08001708       0x5c ..\obj\startup_stm32f10x_hd_vl.o
                0x08001708                Default_Reset_Handler
                0x08001708                Reset_Handler
 .text.Default_Handler
                0x08001764        0x8 ..\obj\startup_stm32f10x_hd_vl.o
                0x08001764                EXTI2_IRQHandler
                0x08001764                DebugMon_Handler
                0x08001764                TIM1_CC_IRQHandler
                0x08001764                HardFault_Handler
                0x08001764                PVD_IRQHandler
                0x08001764                PendSV_Handler
                0x08001764                NMI_Handler
                0x08001764                EXTI3_IRQHandler
                0x08001764                EXTI0_IRQHandler
                0x08001764                I2C2_EV_IRQHandler
                0x08001764                TIM1_UP_TIM16_IRQHandler
                0x08001764                UsageFault_Handler
                0x08001764                SPI1_IRQHandler
                0x08001764                TAMPER_IRQHandler
                0x08001764                TIM6_DAC_IRQHandler
                0x08001764                DMA2_Channel2_IRQHandler
                0x08001764                DMA1_Channel4_IRQHandler
                0x08001764                ADC1_IRQHandler
                0x08001764                USART3_IRQHandler
                0x08001764                RTC_IRQHandler
                0x08001764                DMA1_Channel7_IRQHandler
                0x08001764                UART5_IRQHandler
                0x08001764                TIM4_IRQHandler
                0x08001764                DMA2_Channel1_IRQHandler
                0x08001764                I2C1_EV_IRQHandler
                0x08001764                DMA1_Channel6_IRQHandler
                0x08001764                UART4_IRQHandler
                0x08001764                TIM3_IRQHandler
                0x08001764                RCC_IRQHandler
                0x08001764                DMA1_Channel1_IRQHandler
                0x08001764                CEC_IRQHandler
                0x08001764                EXTI15_10_IRQHandler
                0x08001764                TIM14_IRQHandler
                0x08001764                TIM13_IRQHandler
                0x08001764                TIM12_IRQHandler
                0x08001764                TIM5_IRQHandler
                0x08001764                EXTI9_5_IRQHandler
                0x08001764                SPI2_IRQHandler
                0x08001764                MemManage_Handler
                0x08001764                SVC_Handler
                0x08001764                DMA2_Channel5_IRQHandler
                0x08001764                DMA1_Channel5_IRQHandler
                0x08001764                EXTI4_IRQHandler
                0x08001764                TIM1_TRG_COM_TIM17_IRQHandler
                0x08001764                DMA1_Channel3_IRQHandler
                0x08001764                FSMC_IRQHandler
                0x08001764                WWDG_IRQHandler
                0x08001764                TIM2_IRQHandler
                0x08001764                EXTI1_IRQHandler
                0x08001764                RTCAlarm_IRQHandler
                0x08001764                DMA2_Channel4_5_IRQHandler
                0x08001764                USART2_IRQHandler
                0x08001764                I2C2_ER_IRQHandler
                0x08001764                DMA1_Channel2_IRQHandler
                0x08001764                FLASH_IRQHandler
                0x08001764                BusFault_Handler
                0x08001764                SPI3_IRQHandler
                0x08001764                I2C1_ER_IRQHandler
                0x08001764                DMA2_Channel3_IRQHandler
                0x08001764                TIM1_BRK_TIM15_IRQHandler
 .text.initThrusters
                0x0800176c      0x1e4 ..\obj\thrusterSimple.o
                0x0800176c                initThrusters
 .text.setThrusterValue
                0x08001950       0xac ..\obj\thrusterSimple.o
                0x08001950                setThrusterValue
 .text.setThrust
                0x080019fc       0x94 ..\obj\thrusterSimple.o
                0x080019fc                setThrust
 .text.setInput
                0x08001a90       0x50 ..\obj\thrusterSimple.o
                0x08001a90                setInput
 .text.updateThrusters
                0x08001ae0      0x558 ..\obj\thrusterSimple.o
                0x08001ae0                updateThrusters
 .text.sysTimInit
                0x08002038      0x170 ..\obj\system_tim.o
                0x08002038                sysTimInit
 .text.NVIC_Init
                0x080021a8       0xc4 ..\obj\misc.o
                0x080021a8                NVIC_Init
 .text.sysComInit
                0x0800226c       0x10 ..\obj\system_com.o
                0x0800226c                sysComInit
 .text.usart1Config
                0x0800227c       0x48 ..\obj\system_com.o
                0x0800227c                usart1Config
 .text.i2c2Config
                0x080022c4       0x50 ..\obj\system_com.o
                0x080022c4                i2c2Config
 .text.I2C_Init
                0x08002314      0x184 ..\obj\stm32f10x_i2c.o
                0x08002314                I2C_Init
 .text.I2C_Cmd  0x08002498       0x40 ..\obj\stm32f10x_i2c.o
                0x08002498                I2C_Cmd
 *(.glue_7t)
 .glue_7t       0x00000000        0x0 linker stubs
 *(.glue_7)
 .glue_7        0x00000000        0x0 linker stubs
 *(.rodata .rodata* .gnu.linkonce.r.*)

.vfp11_veneer   0x080024d8        0x0
 .vfp11_veneer  0x00000000        0x0 linker stubs

.v4_bx          0x080024d8        0x0
 .v4_bx         0x00000000        0x0 linker stubs

.iplt           0x080024d8        0x0
 .iplt          0x00000000        0x0 ..\obj\stm32f10x_tim.o

.rel.dyn        0x080024d8        0x0
 .rel.iplt      0x00000000        0x0 ..\obj\stm32f10x_tim.o

.ARM.extab
 *(.ARM.extab* .gnu.linkonce.armextab.*)
                0x080024d8                __exidx_start = .

.ARM.exidx
 *(.ARM.exidx* .gnu.linkonce.armexidx.*)
                0x080024d8                __exidx_end = .
                0x080024d8                . = ALIGN (0x4)
                0x080024d8                _etext = .
                0x080024d8                _sidata = .

.data           0x20000000       0x2c load address 0x080024d8
                0x20000000                _sdata = .
 *(.data .data.*)
 .data          0x20000000       0x14 ..\obj\system_stm32f10x.o
                0x20000000                SystemCoreClock
                0x20000004                AHBPrescTable
 .data          0x20000014       0x14 ..\obj\stm32f10x_rcc.o
 .data          0x20000028        0x1 ..\obj\thrusterSimple.o
                0x20000028                thrustCurve
                0x2000002c                . = ALIGN (0x4)
 *fill*         0x20000029        0x3 
                0x2000002c                _edata = .

.igot.plt       0x2000002c        0x0 load address 0x08002504
 .igot.plt      0x00000000        0x0 ..\obj\stm32f10x_tim.o

.bss            0x2000002c      0x3a0 load address 0x08002504
                0x2000002c                _sbss = .
 *(.bss .bss.*)
 .bss           0x2000002c      0x20c ..\obj\com.o
                0x2000022c                i
                0x20000230                done
                0x20000231                rec
 *(COMMON)
 COMMON         0x20000238      0x194 ..\obj\thrusterSimple.o
                0x20000238                inputValue
                0x20000240                thruster
                0x200003c0                inputVector
                0x200003cc                . = ALIGN (0x4)
                0x200003cc                _ebss = .

.co_stack       0x200003cc      0x404 load address 0x080028a4
                0x200003d0                . = ALIGN (0x8)
 *fill*         0x200003cc        0x4 
 *(.co_stack .co_stack.*)
 .co_stack      0x200003d0      0x400 ..\obj\startup_stm32f10x_hd_vl.o
                0x200003d0                pulStack
                0x200007d0                . = ALIGN (0x4)
                0x200007d0                _end = .
LOAD ..\obj\stm32f10x_tim.o
LOAD ..\obj\core_cm3.o
LOAD ..\obj\system_stm32f10x.o
LOAD ..\obj\stm32f10x_gpio.o
LOAD ..\obj\com.o
LOAD ..\obj\system_init.o
LOAD ..\obj\main.o
LOAD ..\obj\system_gpio.o
LOAD ..\obj\system.o
LOAD ..\obj\fixpointLib.o
LOAD ..\obj\system_interrupt.o
LOAD ..\obj\stm32f10x_rcc.o
LOAD ..\obj\stm32f10x_adc.o
LOAD ..\obj\stm32f10x_usart.o
LOAD ..\obj\startup_stm32f10x_hd_vl.o
LOAD ..\obj\thrusterSimple.o
LOAD ..\obj\system_tim.o
LOAD ..\obj\stm32f10x_dma.o
LOAD ..\obj\misc.o
LOAD ..\obj\system_com.o
LOAD ..\obj\stm32f10x_wwdg.o
LOAD ..\obj\stm32f10x_spi.o
LOAD ..\obj\stm32f10x_i2c.o
LOAD ..\obj\eeprom.o
LOAD ..\obj\stm32f10x_iwdg.o
START GROUP
LOAD d:/prog/coocox/coide_1.7.5/toolchain/bin/../lib/gcc/arm-none-eabi/4.9.3/armv7-m\libgcc.a
LOAD d:/prog/coocox/coide_1.7.5/toolchain/bin/../lib/gcc/arm-none-eabi/4.9.3/../../../../arm-none-eabi/lib/armv7-m\libg.a
LOAD d:/prog/coocox/coide_1.7.5/toolchain/bin/../lib/gcc/arm-none-eabi/4.9.3/../../../../arm-none-eabi/lib/armv7-m\libc.a
END GROUP
OUTPUT(Perf.elf elf32-littlearm)

.debug_info     0x00000000     0x6e3f
 .debug_info    0x00000000     0x1c42 ..\obj\stm32f10x_tim.o
 .debug_info    0x00001c42      0x3d5 ..\obj\system_stm32f10x.o
 .debug_info    0x00002017      0x6d1 ..\obj\stm32f10x_gpio.o
 .debug_info    0x000026e8      0x549 ..\obj\com.o
 .debug_info    0x00002c31       0x79 ..\obj\system_init.o
 .debug_info    0x00002caa       0x3e ..\obj\main.o
 .debug_info    0x00002ce8      0x1ff ..\obj\system_gpio.o
 .debug_info    0x00002ee7      0x237 ..\obj\system.o
 .debug_info    0x0000311e      0x1c5 ..\obj\fixpointLib.o
 .debug_info    0x000032e3      0x967 ..\obj\system_interrupt.o
 .debug_info    0x00003c4a      0x8e4 ..\obj\stm32f10x_rcc.o
 .debug_info    0x0000452e      0x9d2 ..\obj\stm32f10x_usart.o
 .debug_info    0x00004f00       0xe9 ..\obj\startup_stm32f10x_hd_vl.o
 .debug_info    0x00004fe9      0x6e7 ..\obj\thrusterSimple.o
 .debug_info    0x000056d0      0x3fb ..\obj\system_tim.o
 .debug_info    0x00005acb      0x4e9 ..\obj\misc.o
 .debug_info    0x00005fb4      0x3a1 ..\obj\system_com.o
 .debug_info    0x00006355      0xaea ..\obj\stm32f10x_i2c.o

.debug_abbrev   0x00000000     0x152d
 .debug_abbrev  0x00000000      0x1b0 ..\obj\stm32f10x_tim.o
 .debug_abbrev  0x000001b0      0x177 ..\obj\system_stm32f10x.o
 .debug_abbrev  0x00000327      0x1c8 ..\obj\stm32f10x_gpio.o
 .debug_abbrev  0x000004ef      0x17f ..\obj\com.o
 .debug_abbrev  0x0000066e       0x40 ..\obj\system_init.o
 .debug_abbrev  0x000006ae       0x37 ..\obj\main.o
 .debug_abbrev  0x000006e5       0xed ..\obj\system_gpio.o
 .debug_abbrev  0x000007d2      0x11d ..\obj\system.o
 .debug_abbrev  0x000008ef       0x89 ..\obj\fixpointLib.o
 .debug_abbrev  0x00000978      0x1c4 ..\obj\system_interrupt.o
 .debug_abbrev  0x00000b3c      0x1ba ..\obj\stm32f10x_rcc.o
 .debug_abbrev  0x00000cf6      0x162 ..\obj\stm32f10x_usart.o
 .debug_abbrev  0x00000e58       0xa7 ..\obj\startup_stm32f10x_hd_vl.o
 .debug_abbrev  0x00000eff      0x18d ..\obj\thrusterSimple.o
 .debug_abbrev  0x0000108c       0xf1 ..\obj\system_tim.o
 .debug_abbrev  0x0000117d      0x154 ..\obj\misc.o
 .debug_abbrev  0x000012d1       0xf8 ..\obj\system_com.o
 .debug_abbrev  0x000013c9      0x164 ..\obj\stm32f10x_i2c.o

.debug_aranges  0x00000000      0x980
 .debug_aranges
                0x00000000      0x2f0 ..\obj\stm32f10x_tim.o
 .debug_aranges
                0x000002f0       0x38 ..\obj\system_stm32f10x.o
 .debug_aranges
                0x00000328       0xa8 ..\obj\stm32f10x_gpio.o
 .debug_aranges
                0x000003d0       0x38 ..\obj\com.o
 .debug_aranges
                0x00000408       0x20 ..\obj\system_init.o
 .debug_aranges
                0x00000428       0x20 ..\obj\main.o
 .debug_aranges
                0x00000448       0x20 ..\obj\system_gpio.o
 .debug_aranges
                0x00000468       0x30 ..\obj\system.o
 .debug_aranges
                0x00000498       0x50 ..\obj\fixpointLib.o
 .debug_aranges
                0x000004e8       0x48 ..\obj\system_interrupt.o
 .debug_aranges
                0x00000530      0x120 ..\obj\stm32f10x_rcc.o
 .debug_aranges
                0x00000650      0x100 ..\obj\stm32f10x_usart.o
 .debug_aranges
                0x00000750       0x28 ..\obj\startup_stm32f10x_hd_vl.o
 .debug_aranges
                0x00000778       0x58 ..\obj\thrusterSimple.o
 .debug_aranges
                0x000007d0       0x20 ..\obj\system_tim.o
 .debug_aranges
                0x000007f0       0x40 ..\obj\misc.o
 .debug_aranges
                0x00000830       0x30 ..\obj\system_com.o
 .debug_aranges
                0x00000860      0x120 ..\obj\stm32f10x_i2c.o

.debug_ranges   0x00000000      0x860
 .debug_ranges  0x00000000      0x2e0 ..\obj\stm32f10x_tim.o
 .debug_ranges  0x000002e0       0x28 ..\obj\system_stm32f10x.o
 .debug_ranges  0x00000308       0x98 ..\obj\stm32f10x_gpio.o
 .debug_ranges  0x000003a0       0x28 ..\obj\com.o
 .debug_ranges  0x000003c8       0x10 ..\obj\system_init.o
 .debug_ranges  0x000003d8       0x10 ..\obj\main.o
 .debug_ranges  0x000003e8       0x10 ..\obj\system_gpio.o
 .debug_ranges  0x000003f8       0x20 ..\obj\system.o
 .debug_ranges  0x00000418       0x40 ..\obj\fixpointLib.o
 .debug_ranges  0x00000458       0x38 ..\obj\system_interrupt.o
 .debug_ranges  0x00000490      0x110 ..\obj\stm32f10x_rcc.o
 .debug_ranges  0x000005a0       0xf0 ..\obj\stm32f10x_usart.o
 .debug_ranges  0x00000690       0x18 ..\obj\startup_stm32f10x_hd_vl.o
 .debug_ranges  0x000006a8       0x48 ..\obj\thrusterSimple.o
 .debug_ranges  0x000006f0       0x10 ..\obj\system_tim.o
 .debug_ranges  0x00000700       0x30 ..\obj\misc.o
 .debug_ranges  0x00000730       0x20 ..\obj\system_com.o
 .debug_ranges  0x00000750      0x110 ..\obj\stm32f10x_i2c.o

.debug_line     0x00000000     0x31ef
 .debug_line    0x00000000      0xa9f ..\obj\stm32f10x_tim.o
 .debug_line    0x00000a9f      0x1da ..\obj\system_stm32f10x.o
 .debug_line    0x00000c79      0x377 ..\obj\stm32f10x_gpio.o
 .debug_line    0x00000ff0      0x1f7 ..\obj\com.o
 .debug_line    0x000011e7       0x68 ..\obj\system_init.o
 .debug_line    0x0000124f       0x5f ..\obj\main.o
 .debug_line    0x000012ae      0x206 ..\obj\system_gpio.o
 .debug_line    0x000014b4      0x1fa ..\obj\system.o
 .debug_line    0x000016ae      0x17a ..\obj\fixpointLib.o
 .debug_line    0x00001828      0x241 ..\obj\system_interrupt.o
 .debug_line    0x00001a69      0x49b ..\obj\stm32f10x_rcc.o
 .debug_line    0x00001f04      0x45a ..\obj\stm32f10x_usart.o
 .debug_line    0x0000235e       0xa1 ..\obj\startup_stm32f10x_hd_vl.o
 .debug_line    0x000023ff      0x36a ..\obj\thrusterSimple.o
 .debug_line    0x00002769      0x1ef ..\obj\system_tim.o
 .debug_line    0x00002958      0x205 ..\obj\misc.o
 .debug_line    0x00002b5d      0x1fb ..\obj\system_com.o
 .debug_line    0x00002d58      0x497 ..\obj\stm32f10x_i2c.o

.debug_str      0x00000000     0x28e8
 .debug_str     0x00000000      0xd14 ..\obj\stm32f10x_tim.o
                                0xdcf (size before relaxing)
 .debug_str     0x00000d14      0x159 ..\obj\system_stm32f10x.o
                                0x2c7 (size before relaxing)
 .debug_str     0x00000e6d      0x37a ..\obj\stm32f10x_gpio.o
                                0x50b (size before relaxing)
 .debug_str     0x000011e7       0x9e ..\obj\com.o
                                0x32c (size before relaxing)
 .debug_str     0x00001285       0x3b ..\obj\system_init.o
                                0x13b (size before relaxing)
 .debug_str     0x000012c0       0x31 ..\obj\main.o
                                 0xad (size before relaxing)
 .debug_str     0x000012f1       0x47 ..\obj\system_gpio.o
                                0x2b1 (size before relaxing)
 .debug_str     0x00001338       0x5a ..\obj\system.o
                                0x2c4 (size before relaxing)
 .debug_str     0x00001392       0x79 ..\obj\fixpointLib.o
                                0x181 (size before relaxing)
 .debug_str     0x0000140b      0x4b9 ..\obj\system_interrupt.o
                                0x7be (size before relaxing)
 .debug_str     0x000018c4      0x419 ..\obj\stm32f10x_rcc.o
                                0x65f (size before relaxing)
 .debug_str     0x00001cdd      0x418 ..\obj\stm32f10x_usart.o
                                0x682 (size before relaxing)
 .debug_str     0x000020f5       0xaf ..\obj\startup_stm32f10x_hd_vl.o
                                0x146 (size before relaxing)
 .debug_str     0x000021a4      0x1be ..\obj\thrusterSimple.o
                                0x455 (size before relaxing)
 .debug_str     0x00002362       0x4f ..\obj\system_tim.o
                                0x3c6 (size before relaxing)
 .debug_str     0x000023b1      0x107 ..\obj\misc.o
                                0x3aa (size before relaxing)
 .debug_str     0x000024b8       0xe8 ..\obj\system_com.o
                                0x315 (size before relaxing)
 .debug_str     0x000025a0      0x348 ..\obj\stm32f10x_i2c.o
                                0x658 (size before relaxing)

.comment        0x00000000       0x70
 .comment       0x00000000       0x70 ..\obj\stm32f10x_tim.o
                                 0x71 (size before relaxing)
 .comment       0x00000000       0x71 ..\obj\system_stm32f10x.o
 .comment       0x00000000       0x71 ..\obj\stm32f10x_gpio.o
 .comment       0x00000000       0x71 ..\obj\com.o
 .comment       0x00000000       0x71 ..\obj\system_init.o
 .comment       0x00000000       0x71 ..\obj\main.o
 .comment       0x00000000       0x71 ..\obj\system_gpio.o
 .comment       0x00000000       0x71 ..\obj\system.o
 .comment       0x00000000       0x71 ..\obj\fixpointLib.o
 .comment       0x00000000       0x71 ..\obj\system_interrupt.o
 .comment       0x00000000       0x71 ..\obj\stm32f10x_rcc.o
 .comment       0x00000000       0x71 ..\obj\stm32f10x_usart.o
 .comment       0x00000000       0x71 ..\obj\startup_stm32f10x_hd_vl.o
 .comment       0x00000000       0x71 ..\obj\thrusterSimple.o
 .comment       0x00000000       0x71 ..\obj\system_tim.o
 .comment       0x00000000       0x71 ..\obj\misc.o
 .comment       0x00000000       0x71 ..\obj\system_com.o
 .comment       0x00000000       0x71 ..\obj\stm32f10x_i2c.o

.ARM.attributes
                0x00000000       0x33
 .ARM.attributes
                0x00000000       0x33 ..\obj\stm32f10x_tim.o
 .ARM.attributes
                0x00000033       0x33 ..\obj\system_stm32f10x.o
 .ARM.attributes
                0x00000066       0x33 ..\obj\stm32f10x_gpio.o
 .ARM.attributes
                0x00000099       0x33 ..\obj\com.o
 .ARM.attributes
                0x000000cc       0x33 ..\obj\system_init.o
 .ARM.attributes
                0x000000ff       0x33 ..\obj\main.o
 .ARM.attributes
                0x00000132       0x33 ..\obj\system_gpio.o
 .ARM.attributes
                0x00000165       0x33 ..\obj\system.o
 .ARM.attributes
                0x00000198       0x33 ..\obj\fixpointLib.o
 .ARM.attributes
                0x000001cb       0x33 ..\obj\system_interrupt.o
 .ARM.attributes
                0x000001fe       0x33 ..\obj\stm32f10x_rcc.o
 .ARM.attributes
                0x00000231       0x33 ..\obj\stm32f10x_usart.o
 .ARM.attributes
                0x00000264       0x33 ..\obj\startup_stm32f10x_hd_vl.o
 .ARM.attributes
                0x00000297       0x33 ..\obj\thrusterSimple.o
 .ARM.attributes
                0x000002ca       0x33 ..\obj\system_tim.o
 .ARM.attributes
                0x000002fd       0x33 ..\obj\misc.o
 .ARM.attributes
                0x00000330       0x33 ..\obj\system_com.o
 .ARM.attributes
                0x00000363       0x33 ..\obj\stm32f10x_i2c.o

.debug_frame    0x00000000     0x2730
 .debug_frame   0x00000000      0xe2c ..\obj\stm32f10x_tim.o
 .debug_frame   0x00000e2c       0x98 ..\obj\system_stm32f10x.o
 .debug_frame   0x00000ec4      0x2d0 ..\obj\stm32f10x_gpio.o
 .debug_frame   0x00001194       0xa0 ..\obj\com.o
 .debug_frame   0x00001234       0x2c ..\obj\system_init.o
 .debug_frame   0x00001260       0x2c ..\obj\main.o
 .debug_frame   0x0000128c       0x34 ..\obj\system_gpio.o
 .debug_frame   0x000012c0       0x68 ..\obj\system.o
 .debug_frame   0x00001328      0x128 ..\obj\fixpointLib.o
 .debug_frame   0x00001450       0xe4 ..\obj\system_interrupt.o
 .debug_frame   0x00001534      0x51c ..\obj\stm32f10x_rcc.o
 .debug_frame   0x00001a50      0x490 ..\obj\stm32f10x_usart.o
 .debug_frame   0x00001ee0       0x4c ..\obj\startup_stm32f10x_hd_vl.o
 .debug_frame   0x00001f2c      0x154 ..\obj\thrusterSimple.o
 .debug_frame   0x00002080       0x34 ..\obj\system_tim.o
 .debug_frame   0x000020b4       0xd8 ..\obj\misc.o
 .debug_frame   0x0000218c       0x74 ..\obj\system_com.o
 .debug_frame   0x00002200      0x530 ..\obj\stm32f10x_i2c.o
